0 verbose cli /data/data/com.termux/files/usr/bin/node /data/data/com.termux/files/usr/bin/npm
1 info using npm@11.6.2
2 info using node@v25.2.1
3 silly config load:file:/data/data/com.termux/files/usr/lib/node_modules/npm/npmrc
4 silly config load:file:/data/data/com.termux/files/home/.npmrc
5 silly config load:file:/data/data/com.termux/files/usr/etc/npmrc
6 verbose title npm install express mongoose cors
7 verbose argv "install" "express" "mongoose" "cors"
8 verbose logfile logs-max:10 dir:/data/data/com.termux/files/home/.npm/_logs/2026-01-10T09_25_04_631Z-
9 verbose logfile /data/data/com.termux/files/home/.npm/_logs/2026-01-10T09_25_04_631Z-debug-0.log
10 silly logfile done cleaning log files
11 silly packumentCache heap:1113849856 maxSize:278462464 maxEntrySize:139231232
12 silly idealTree buildDeps
13 silly fetch manifest express@*
14 silly packumentCache full:https://registry.npmjs.org/express cache-miss
15 http fetch GET 200 https://registry.npmjs.org/express 2391ms (cache revalidated)
16 silly packumentCache full:https://registry.npmjs.org/express set size:801203 disposed:false
17 silly fetch manifest mongoose@*
18 silly packumentCache full:https://registry.npmjs.org/mongoose cache-miss
19 http fetch GET 200 https://registry.npmjs.org/mongoose 431ms (cache revalidated)
20 silly packumentCache full:https://registry.npmjs.org/mongoose set size:3967936 disposed:false
21 silly fetch manifest cors@*
22 silly packumentCache full:https://registry.npmjs.org/cors cache-miss
23 http fetch GET 200 https://registry.npmjs.org/cors 634ms (cache revalidated)
24 silly packumentCache full:https://registry.npmjs.org/cors set size:73833 disposed:false
25 silly placeDep ROOT cors@2.8.5 OK for: home@1.0.0 want: *
26 silly placeDep ROOT express@5.2.1 OK for: home@1.0.0 want: *
27 silly placeDep ROOT mongoose@9.1.2 OK for: home@1.0.0 want: *
28 silly fetch manifest vary@^1
29 silly packumentCache full:https://registry.npmjs.org/vary cache-miss
30 silly fetch manifest object-assign@^4
31 silly packumentCache full:https://registry.npmjs.org/object-assign cache-miss
32 silly fetch manifest qs@^6.14.0
33 silly packumentCache full:https://registry.npmjs.org/qs cache-miss
34 silly fetch manifest depd@^2.0.0
35 silly packumentCache full:https://registry.npmjs.org/depd cache-miss
36 silly fetch manifest etag@^1.8.1
37 silly packumentCache full:https://registry.npmjs.org/etag cache-miss
38 silly fetch manifest once@^1.4.0
39 silly packumentCache full:https://registry.npmjs.org/once cache-miss
40 silly fetch manifest send@^1.1.0
41 silly packumentCache full:https://registry.npmjs.org/send cache-miss
42 http fetch GET 200 https://registry.npmjs.org/object-assign 627ms (cache revalidated)
43 silly packumentCache full:https://registry.npmjs.org/object-assign set size:28988 disposed:false
44 silly fetch manifest vary@^1.1.2
45 silly packumentCache full:https://registry.npmjs.org/vary cache-miss
46 http fetch GET 200 https://registry.npmjs.org/vary 294ms (cache revalidated)
47 silly packumentCache full:https://registry.npmjs.org/vary set size:16018 disposed:false
48 silly fetch manifest debug@^4.4.0
49 silly packumentCache full:https://registry.npmjs.org/debug cache-miss
50 http fetch GET 200 https://registry.npmjs.org/qs 1137ms (cache revalidated)
51 silly packumentCache full:https://registry.npmjs.org/qs set size:268000 disposed:false
52 silly fetch manifest fresh@^2.0.0
53 silly packumentCache full:https://registry.npmjs.org/fresh cache-miss
54 http fetch GET 200 https://registry.npmjs.org/vary 1236ms (cache revalidated)
55 silly packumentCache full:https://registry.npmjs.org/vary set size:16018 disposed:false
56 silly packumentCache full:https://registry.npmjs.org/vary dispose
57 silly fetch manifest cookie@^0.7.1
58 silly packumentCache full:https://registry.npmjs.org/cookie cache-miss
59 http fetch GET 200 https://registry.npmjs.org/depd 1267ms (cache revalidated)
60 silly packumentCache full:https://registry.npmjs.org/depd set size:40182 disposed:false
61 silly fetch manifest router@^2.2.0
62 silly packumentCache full:https://registry.npmjs.org/router cache-miss
63 http fetch GET 200 https://registry.npmjs.org/debug 353ms (cache revalidated)
64 silly packumentCache full:https://registry.npmjs.org/debug set size:195840 disposed:false
65 silly fetch manifest accepts@^2.0.0
66 silly packumentCache full:https://registry.npmjs.org/accepts cache-miss
67 http fetch GET 200 https://registry.npmjs.org/etag 1382ms (cache revalidated)
68 silly packumentCache full:https://registry.npmjs.org/etag set size:30032 disposed:false
69 silly fetch manifest type-is@^2.0.1
70 silly packumentCache full:https://registry.npmjs.org/type-is cache-miss
71 http fetch GET 200 https://registry.npmjs.org/fresh 459ms (cache revalidated)
72 silly packumentCache full:https://registry.npmjs.org/fresh set size:25427 disposed:false
73 silly fetch manifest parseurl@^1.3.3
74 silly packumentCache full:https://registry.npmjs.org/parseurl cache-miss
75 http fetch GET 200 https://registry.npmjs.org/cookie 471ms (cache revalidated)
76 silly packumentCache full:https://registry.npmjs.org/cookie set size:72891 disposed:false
77 silly fetch manifest statuses@^2.0.1
78 silly packumentCache full:https://registry.npmjs.org/statuses cache-miss
79 http fetch GET 200 https://registry.npmjs.org/router 454ms (cache revalidated)
80 silly packumentCache full:https://registry.npmjs.org/router set size:116499 disposed:false
81 silly fetch manifest encodeurl@^2.0.0
82 silly packumentCache full:https://registry.npmjs.org/encodeurl cache-miss
83 http fetch GET 200 https://registry.npmjs.org/accepts 446ms (cache revalidated)
84 silly packumentCache full:https://registry.npmjs.org/accepts set size:77054 disposed:false
85 silly fetch manifest mime-types@^3.0.0
86 silly packumentCache full:https://registry.npmjs.org/mime-types cache-miss
87 http fetch GET 200 https://registry.npmjs.org/send 1934ms (cache revalidated)
88 silly packumentCache full:https://registry.npmjs.org/send set size:152810 disposed:false
89 silly fetch manifest proxy-addr@^2.0.7
90 silly packumentCache full:https://registry.npmjs.org/proxy-addr cache-miss
91 http fetch GET 200 https://registry.npmjs.org/type-is 588ms (cache revalidated)
92 silly packumentCache full:https://registry.npmjs.org/type-is set size:86196 disposed:false
93 silly fetch manifest body-parser@^2.2.1
94 silly packumentCache full:https://registry.npmjs.org/body-parser cache-miss
95 http fetch GET 200 https://registry.npmjs.org/once 2013ms (cache revalidated)
96 silly packumentCache full:https://registry.npmjs.org/once set size:11768 disposed:false
97 silly fetch manifest escape-html@^1.0.3
98 silly packumentCache full:https://registry.npmjs.org/escape-html cache-miss
99 http fetch GET 200 https://registry.npmjs.org/parseurl 489ms (cache revalidated)
100 silly packumentCache full:https://registry.npmjs.org/parseurl set size:24148 disposed:false
101 silly fetch manifest http-errors@^2.0.0
102 silly packumentCache full:https://registry.npmjs.org/http-errors cache-miss
103 http fetch GET 200 https://registry.npmjs.org/statuses 498ms (cache revalidated)
104 silly packumentCache full:https://registry.npmjs.org/statuses set size:37117 disposed:false
105 silly fetch manifest on-finished@^2.4.1
106 silly packumentCache full:https://registry.npmjs.org/on-finished cache-miss
107 http fetch GET 200 https://registry.npmjs.org/encodeurl 482ms (cache revalidated)
108 silly packumentCache full:https://registry.npmjs.org/encodeurl set size:12296 disposed:false
109 silly fetch manifest content-type@^1.0.5
110 silly packumentCache full:https://registry.npmjs.org/content-type cache-miss
111 http fetch GET 200 https://registry.npmjs.org/proxy-addr 354ms (cache revalidated)
112 silly packumentCache full:https://registry.npmjs.org/proxy-addr set size:61619 disposed:false
113 silly fetch manifest finalhandler@^2.1.0
114 silly packumentCache full:https://registry.npmjs.org/finalhandler cache-miss
115 http fetch GET 200 https://registry.npmjs.org/body-parser 345ms (cache revalidated)
116 silly packumentCache full:https://registry.npmjs.org/body-parser set size:216830 disposed:false
117 silly fetch manifest range-parser@^1.2.1
118 silly packumentCache full:https://registry.npmjs.org/range-parser cache-miss
119 http fetch GET 200 https://registry.npmjs.org/escape-html 373ms (cache revalidated)
120 silly packumentCache full:https://registry.npmjs.org/escape-html set size:7345 disposed:false
121 silly fetch manifest serve-static@^2.2.0
122 silly packumentCache full:https://registry.npmjs.org/serve-static cache-miss
123 http fetch GET 200 https://registry.npmjs.org/http-errors 397ms (cache revalidated)
124 silly packumentCache full:https://registry.npmjs.org/http-errors set size:71987 disposed:false
125 silly fetch manifest cookie-signature@^1.2.1
126 silly packumentCache full:https://registry.npmjs.org/cookie-signature cache-miss
127 http fetch GET 200 https://registry.npmjs.org/on-finished 359ms (cache revalidated)
128 silly packumentCache full:https://registry.npmjs.org/on-finished set size:23212 disposed:false
129 silly fetch manifest merge-descriptors@^2.0.0
130 silly packumentCache full:https://registry.npmjs.org/merge-descriptors cache-miss
131 http fetch GET 200 https://registry.npmjs.org/mime-types 855ms (cache revalidated)
132 silly packumentCache full:https://registry.npmjs.org/mime-types set size:139110 disposed:false
133 silly fetch manifest content-disposition@^1.0.0
134 silly packumentCache full:https://registry.npmjs.org/content-disposition cache-miss
135 http fetch GET 200 https://registry.npmjs.org/content-type 425ms (cache revalidated)
136 silly packumentCache full:https://registry.npmjs.org/content-type set size:17311 disposed:false
137 silly fetch manifest kareem@3.0.0
138 silly packumentCache full:https://registry.npmjs.org/kareem cache-miss
139 http fetch GET 200 https://registry.npmjs.org/finalhandler 422ms (cache revalidated)
140 silly packumentCache full:https://registry.npmjs.org/finalhandler set size:79291 disposed:false
141 silly fetch manifest mongodb@~7.0
142 silly packumentCache full:https://registry.npmjs.org/mongodb cache-miss
143 http fetch GET 200 https://registry.npmjs.org/range-parser 397ms (cache revalidated)
144 silly packumentCache full:https://registry.npmjs.org/range-parser set size:22228 disposed:false
145 silly fetch manifest mpath@0.9.0
146 silly packumentCache full:https://registry.npmjs.org/mpath cache-miss
147 http fetch GET 200 https://registry.npmjs.org/serve-static 424ms (cache revalidated)
148 silly packumentCache full:https://registry.npmjs.org/serve-static set size:150391 disposed:false
149 silly fetch manifest mquery@6.0.0
150 silly packumentCache full:https://registry.npmjs.org/mquery cache-miss
151 http fetch GET 200 https://registry.npmjs.org/cookie-signature 376ms (cache revalidated)
152 silly packumentCache full:https://registry.npmjs.org/cookie-signature set size:21777 disposed:false
153 silly fetch manifest ms@2.1.3
154 silly packumentCache full:https://registry.npmjs.org/ms cache-miss
155 http fetch GET 200 https://registry.npmjs.org/merge-descriptors 381ms (cache revalidated)
156 silly packumentCache full:https://registry.npmjs.org/merge-descriptors set size:16527 disposed:false
157 silly fetch manifest sift@17.1.3
158 silly packumentCache full:https://registry.npmjs.org/sift cache-miss
159 http fetch GET 200 https://registry.npmjs.org/kareem 430ms (cache revalidated)
160 silly packumentCache full:https://registry.npmjs.org/kareem set size:113318 disposed:false
161 http fetch GET 200 https://registry.npmjs.org/content-disposition 644ms (cache revalidated)
162 silly packumentCache full:https://registry.npmjs.org/content-disposition set size:34469 disposed:false
163 http fetch GET 200 https://registry.npmjs.org/mpath 573ms (cache revalidated)
164 silly packumentCache full:https://registry.npmjs.org/mpath set size:50832 disposed:false
165 http fetch GET 200 https://registry.npmjs.org/mquery 558ms (cache revalidated)
166 silly packumentCache full:https://registry.npmjs.org/mquery set size:172977 disposed:false
167 http fetch GET 200 https://registry.npmjs.org/sift 451ms (cache revalidated)
168 silly packumentCache full:https://registry.npmjs.org/sift set size:398463 disposed:false
169 http fetch GET 200 https://registry.npmjs.org/ms 538ms (cache revalidated)
170 silly packumentCache full:https://registry.npmjs.org/ms set size:92208 disposed:false
171 http fetch GET 200 https://registry.npmjs.org/mongodb 1936ms (cache updated)
172 silly packumentCache full:https://registry.npmjs.org/mongodb set size:undefined disposed:false
173 silly placeDep ROOT object-assign@4.1.1 OK for: cors@2.8.5 want: ^4
174 silly placeDep ROOT vary@1.1.2 OK for: cors@2.8.5 want: ^1
175 silly placeDep ROOT accepts@2.0.0 OK for: express@5.2.1 want: ^2.0.0
176 silly placeDep ROOT body-parser@2.2.2 OK for: express@5.2.1 want: ^2.2.1
177 silly placeDep ROOT content-disposition@1.0.1 OK for: express@5.2.1 want: ^1.0.0
178 silly placeDep ROOT content-type@1.0.5 OK for: express@5.2.1 want: ^1.0.5
179 silly placeDep ROOT cookie@0.7.2 OK for: express@5.2.1 want: ^0.7.1
180 silly placeDep ROOT cookie-signature@1.2.2 OK for: express@5.2.1 want: ^1.2.1
181 silly placeDep ROOT debug@4.4.3 OK for: express@5.2.1 want: ^4.4.0
182 silly placeDep ROOT depd@2.0.0 OK for: express@5.2.1 want: ^2.0.0
183 silly placeDep ROOT encodeurl@2.0.0 OK for: express@5.2.1 want: ^2.0.0
184 silly placeDep ROOT escape-html@1.0.3 OK for: express@5.2.1 want: ^1.0.3
185 silly placeDep ROOT etag@1.8.1 OK for: express@5.2.1 want: ^1.8.1
186 silly placeDep ROOT finalhandler@2.1.1 OK for: express@5.2.1 want: ^2.1.0
187 silly placeDep ROOT fresh@2.0.0 OK for: express@5.2.1 want: ^2.0.0
188 silly placeDep ROOT http-errors@2.0.1 OK for: express@5.2.1 want: ^2.0.0
189 silly placeDep ROOT merge-descriptors@2.0.0 OK for: express@5.2.1 want: ^2.0.0
190 silly placeDep ROOT mime-types@3.0.2 OK for: express@5.2.1 want: ^3.0.0
191 silly placeDep ROOT on-finished@2.4.1 OK for: express@5.2.1 want: ^2.4.1
192 silly placeDep ROOT once@1.4.0 OK for: express@5.2.1 want: ^1.4.0
193 silly placeDep ROOT parseurl@1.3.3 OK for: express@5.2.1 want: ^1.3.3
194 silly placeDep ROOT proxy-addr@2.0.7 OK for: express@5.2.1 want: ^2.0.7
195 silly placeDep ROOT qs@6.14.1 OK for: express@5.2.1 want: ^6.14.0
196 silly placeDep ROOT range-parser@1.2.1 OK for: express@5.2.1 want: ^1.2.1
197 silly placeDep ROOT router@2.2.0 OK for: express@5.2.1 want: ^2.2.0
198 silly placeDep ROOT send@1.2.1 OK for: express@5.2.1 want: ^1.1.0
199 silly placeDep ROOT serve-static@2.2.1 OK for: express@5.2.1 want: ^2.2.0
200 silly placeDep ROOT statuses@2.0.2 OK for: express@5.2.1 want: ^2.0.1
201 silly placeDep ROOT type-is@2.0.1 OK for: express@5.2.1 want: ^2.0.1
202 silly fetch manifest negotiator@^1.0.0
203 silly packumentCache full:https://registry.npmjs.org/negotiator cache-miss
204 silly fetch manifest bytes@^3.1.2
205 silly packumentCache full:https://registry.npmjs.org/bytes cache-miss
206 silly fetch manifest debug@^4.4.3
207 silly packumentCache full:https://registry.npmjs.org/debug cache-hit
208 silly fetch manifest iconv-lite@^0.7.0
209 silly packumentCache full:https://registry.npmjs.org/iconv-lite cache-miss
210 silly fetch manifest qs@^6.14.1
211 silly packumentCache full:https://registry.npmjs.org/qs cache-hit
212 silly fetch manifest raw-body@^3.0.1
213 silly packumentCache full:https://registry.npmjs.org/raw-body cache-miss
214 silly fetch manifest ms@^2.1.3
215 silly packumentCache full:https://registry.npmjs.org/ms cache-hit
216 silly fetch manifest inherits@~2.0.4
217 silly packumentCache full:https://registry.npmjs.org/inherits cache-miss
218 silly fetch manifest setprototypeof@~1.2.0
219 silly packumentCache full:https://registry.npmjs.org/setprototypeof cache-miss
220 silly fetch manifest statuses@~2.0.2
221 silly packumentCache full:https://registry.npmjs.org/statuses cache-hit
222 silly fetch manifest toidentifier@~1.0.1
223 silly packumentCache full:https://registry.npmjs.org/toidentifier cache-miss
224 http fetch GET 200 https://registry.npmjs.org/negotiator 1996ms (cache revalidated)
225 silly packumentCache full:https://registry.npmjs.org/negotiator set size:48046 disposed:false
226 silly fetch manifest mime-db@^1.54.0
227 silly packumentCache full:https://registry.npmjs.org/mime-db cache-miss
228 http fetch GET 200 https://registry.npmjs.org/inherits 1937ms (cache revalidated)
229 silly packumentCache full:https://registry.npmjs.org/inherits set size:12925 disposed:false
230 silly fetch manifest ee-first@1.1.1
231 silly packumentCache full:https://registry.npmjs.org/ee-first cache-miss
232 http fetch GET 200 https://registry.npmjs.org/setprototypeof 1948ms (cache revalidated)
233 silly packumentCache full:https://registry.npmjs.org/setprototypeof set size:14532 disposed:false
234 silly fetch manifest wrappy@1
235 silly packumentCache full:https://registry.npmjs.org/wrappy cache-miss
236 http fetch GET 200 https://registry.npmjs.org/raw-body 2001ms (cache revalidated)
237 silly packumentCache full:https://registry.npmjs.org/raw-body set size:117767 disposed:false
238 silly fetch manifest forwarded@0.2.0
239 silly packumentCache full:https://registry.npmjs.org/forwarded cache-miss
240 http fetch GET 200 https://registry.npmjs.org/toidentifier 1971ms (cache revalidated)
241 silly packumentCache full:https://registry.npmjs.org/toidentifier set size:12006 disposed:false
242 silly fetch manifest ipaddr.js@1.9.1
243 silly packumentCache full:https://registry.npmjs.org/ipaddr.js cache-miss
244 http fetch GET 200 https://registry.npmjs.org/bytes 2088ms (cache revalidated)
245 silly packumentCache full:https://registry.npmjs.org/bytes set size:37018 disposed:false
246 silly fetch manifest side-channel@^1.1.0
247 silly packumentCache full:https://registry.npmjs.org/side-channel cache-miss
248 http fetch GET 200 https://registry.npmjs.org/iconv-lite 2231ms (cache updated)
249 silly packumentCache full:https://registry.npmjs.org/iconv-lite set size:undefined disposed:false
250 silly fetch manifest is-promise@^4.0.0
251 silly packumentCache full:https://registry.npmjs.org/is-promise cache-miss
252 http fetch GET 200 https://registry.npmjs.org/forwarded 297ms (cache revalidated)
253 silly packumentCache full:https://registry.npmjs.org/forwarded set size:11229 disposed:false
254 silly fetch manifest path-to-regexp@^8.0.0
255 silly packumentCache full:https://registry.npmjs.org/path-to-regexp cache-miss
256 http fetch GET 200 https://registry.npmjs.org/mime-db 375ms (cache revalidated)
257 silly packumentCache full:https://registry.npmjs.org/mime-db set size:164953 disposed:false
258 silly fetch manifest statuses@^2.0.2
259 silly packumentCache full:https://registry.npmjs.org/statuses cache-hit
260 silly fetch manifest media-typer@^1.1.0
261 silly packumentCache full:https://registry.npmjs.org/media-typer cache-miss
262 http fetch GET 200 https://registry.npmjs.org/ee-first 405ms (cache revalidated)
263 silly packumentCache full:https://registry.npmjs.org/ee-first set size:15327 disposed:false
264 http fetch GET 200 https://registry.npmjs.org/wrappy 399ms (cache revalidated)
265 silly packumentCache full:https://registry.npmjs.org/wrappy set size:7682 disposed:false
266 http fetch GET 200 https://registry.npmjs.org/ipaddr.js 375ms (cache revalidated)
267 silly packumentCache full:https://registry.npmjs.org/ipaddr.js set size:67857 disposed:false
268 http fetch GET 200 https://registry.npmjs.org/side-channel 363ms (cache revalidated)
269 silly packumentCache full:https://registry.npmjs.org/side-channel set size:24660 disposed:false
270 http fetch GET 200 https://registry.npmjs.org/is-promise 262ms (cache revalidated)
271 silly packumentCache full:https://registry.npmjs.org/is-promise set size:18599 disposed:false
272 http fetch GET 200 https://registry.npmjs.org/path-to-regexp 356ms (cache revalidated)
273 silly packumentCache full:https://registry.npmjs.org/path-to-regexp set size:207142 disposed:false
274 http fetch GET 200 https://registry.npmjs.org/media-typer 464ms (cache revalidated)
275 silly packumentCache full:https://registry.npmjs.org/media-typer set size:20873 disposed:false
276 silly placeDep ROOT negotiator@1.0.0 OK for: accepts@2.0.0 want: ^1.0.0
277 silly placeDep ROOT bytes@3.1.2 OK for: body-parser@2.2.2 want: ^3.1.2
278 silly placeDep ROOT iconv-lite@0.7.2 OK for: body-parser@2.2.2 want: ^0.7.0
279 silly placeDep ROOT raw-body@3.0.2 OK for: body-parser@2.2.2 want: ^3.0.1
280 silly fetch manifest safer-buffer@>= 2.1.2 < 3.0.0
281 silly packumentCache full:https://registry.npmjs.org/safer-buffer cache-miss
282 silly fetch manifest unpipe@~1.0.0
283 silly packumentCache full:https://registry.npmjs.org/unpipe cache-miss
284 http fetch GET 200 https://registry.npmjs.org/unpipe 252ms (cache revalidated)
285 silly packumentCache full:https://registry.npmjs.org/unpipe set size:3537 disposed:false
286 http fetch GET 200 https://registry.npmjs.org/safer-buffer 1395ms (cache revalidated)
287 silly packumentCache full:https://registry.npmjs.org/safer-buffer set size:18521 disposed:false
288 silly placeDep ROOT ms@2.1.3 OK for: debug@4.4.3 want: ^2.1.3
289 silly placeDep ROOT inherits@2.0.4 OK for: http-errors@2.0.1 want: ~2.0.4
290 silly placeDep ROOT setprototypeof@1.2.0 OK for: http-errors@2.0.1 want: ~1.2.0
291 silly placeDep ROOT toidentifier@1.0.1 OK for: http-errors@2.0.1 want: ~1.0.1
292 silly placeDep ROOT safer-buffer@2.1.2 OK for: iconv-lite@0.7.2 want: >= 2.1.2 < 3.0.0
293 silly placeDep ROOT mime-db@1.54.0 OK for: mime-types@3.0.2 want: ^1.54.0
294 silly fetch manifest @aws-sdk/credential-providers@^3.806.0
295 silly packumentCache full:https://registry.npmjs.org/@aws-sdk%2fcredential-providers cache-miss
296 http fetch GET 200 https://registry.npmjs.org/@aws-sdk%2fcredential-providers 1443ms (cache updated)
297 silly packumentCache full:https://registry.npmjs.org/@aws-sdk%2fcredential-providers set size:undefined disposed:false
298 silly fetch manifest @mongodb-js/zstd@^7.0.0
299 silly packumentCache full:https://registry.npmjs.org/@mongodb-js%2fzstd cache-miss
300 http fetch GET 200 https://registry.npmjs.org/@mongodb-js%2fzstd 562ms (cache revalidated)
301 silly packumentCache full:https://registry.npmjs.org/@mongodb-js%2fzstd set size:99210 disposed:false
302 silly fetch manifest gcp-metadata@^7.0.1
303 silly packumentCache full:https://registry.npmjs.org/gcp-metadata cache-miss
304 http fetch GET 200 https://registry.npmjs.org/gcp-metadata 254ms (cache revalidated)
305 silly packumentCache full:https://registry.npmjs.org/gcp-metadata set size:191448 disposed:false
306 silly fetch manifest kerberos@^7.0.0
307 silly packumentCache full:https://registry.npmjs.org/kerberos cache-miss
308 http fetch GET 200 https://registry.npmjs.org/kerberos 267ms (cache revalidated)
309 silly packumentCache full:https://registry.npmjs.org/kerberos set size:117635 disposed:false
310 silly fetch manifest mongodb-client-encryption@>=7.0.0 <7.1.0
311 silly packumentCache full:https://registry.npmjs.org/mongodb-client-encryption cache-miss
312 http fetch GET 200 https://registry.npmjs.org/mongodb-client-encryption 1142ms (cache revalidated)
313 silly packumentCache full:https://registry.npmjs.org/mongodb-client-encryption set size:262485 disposed:false
314 silly fetch manifest snappy@^7.3.2
315 silly packumentCache full:https://registry.npmjs.org/snappy cache-miss
316 http fetch GET 200 https://registry.npmjs.org/snappy 274ms (cache revalidated)
317 silly packumentCache full:https://registry.npmjs.org/snappy set size:185121 disposed:false
318 silly fetch manifest socks@^2.8.6
319 silly packumentCache full:https://registry.npmjs.org/socks cache-miss
320 http fetch GET 200 https://registry.npmjs.org/socks 303ms (cache revalidated)
321 silly packumentCache full:https://registry.npmjs.org/socks set size:168523 disposed:false
322 silly placeDep ROOT kareem@3.0.0 OK for: mongoose@9.1.2 want: 3.0.0
323 silly placeDep ROOT mongodb@7.0.0 OK for: mongoose@9.1.2 want: ~7.0
324 silly placeDep ROOT mpath@0.9.0 OK for: mongoose@9.1.2 want: 0.9.0
325 silly placeDep ROOT mquery@6.0.0 OK for: mongoose@9.1.2 want: 6.0.0
326 silly placeDep ROOT sift@17.1.3 OK for: mongoose@9.1.2 want: 17.1.3
327 silly fetch manifest bson@^7.0.0
328 silly packumentCache full:https://registry.npmjs.org/bson cache-miss
329 silly fetch manifest @mongodb-js/saslprep@^1.3.0
330 silly packumentCache full:https://registry.npmjs.org/@mongodb-js%2fsaslprep cache-miss
331 silly fetch manifest mongodb-connection-string-url@^7.0.0
332 silly packumentCache full:https://registry.npmjs.org/mongodb-connection-string-url cache-miss
333 http fetch GET 200 https://registry.npmjs.org/bson 871ms (cache revalidated)
334 silly packumentCache full:https://registry.npmjs.org/bson set size:566884 disposed:false
335 http fetch GET 200 https://registry.npmjs.org/mongodb-connection-string-url 933ms (cache revalidated)
336 silly packumentCache full:https://registry.npmjs.org/mongodb-connection-string-url set size:123838 disposed:false
337 http fetch GET 200 https://registry.npmjs.org/@mongodb-js%2fsaslprep 959ms (cache revalidated)
338 silly packumentCache full:https://registry.npmjs.org/@mongodb-js%2fsaslprep set size:87321 disposed:false
339 silly placeDep ROOT @mongodb-js/saslprep@1.4.4 OK for: mongodb@7.0.0 want: ^1.3.0
340 silly placeDep ROOT bson@7.0.0 OK for: mongodb@7.0.0 want: ^7.0.0
341 silly placeDep ROOT mongodb-connection-string-url@7.0.0 OK for: mongodb@7.0.0 want: ^7.0.0
342 silly fetch manifest sparse-bitfield@^3.0.3
343 silly packumentCache full:https://registry.npmjs.org/sparse-bitfield cache-miss
344 silly fetch manifest whatwg-url@^14.1.0
345 silly packumentCache full:https://registry.npmjs.org/whatwg-url cache-miss
346 silly fetch manifest @types/whatwg-url@^13.0.0
347 silly packumentCache full:https://registry.npmjs.org/@types%2fwhatwg-url cache-miss
348 http fetch GET 200 https://registry.npmjs.org/sparse-bitfield 414ms (cache revalidated)
349 silly packumentCache full:https://registry.npmjs.org/sparse-bitfield set size:18366 disposed:false
350 http fetch GET 200 https://registry.npmjs.org/@types%2fwhatwg-url 413ms (cache revalidated)
351 silly packumentCache full:https://registry.npmjs.org/@types%2fwhatwg-url set size:25750 disposed:false
352 http fetch GET 200 https://registry.npmjs.org/whatwg-url 431ms (cache revalidated)
353 silly packumentCache full:https://registry.npmjs.org/whatwg-url set size:165406 disposed:false
354 silly placeDep ROOT sparse-bitfield@3.0.3 OK for: @mongodb-js/saslprep@1.4.4 want: ^3.0.3
355 silly fetch manifest memory-pager@^1.0.2
356 silly packumentCache full:https://registry.npmjs.org/memory-pager cache-miss
357 http fetch GET 200 https://registry.npmjs.org/memory-pager 381ms (cache revalidated)
358 silly packumentCache full:https://registry.npmjs.org/memory-pager set size:21090 disposed:false
359 silly placeDep ROOT @types/whatwg-url@13.0.0 OK for: mongodb-connection-string-url@7.0.0 want: ^13.0.0
360 silly placeDep ROOT whatwg-url@14.2.0 OK for: mongodb-connection-string-url@7.0.0 want: ^14.1.0
361 silly fetch manifest @types/webidl-conversions@*
362 silly packumentCache full:https://registry.npmjs.org/@types%2fwebidl-conversions cache-miss
363 silly fetch manifest tr46@^5.1.0
364 silly packumentCache full:https://registry.npmjs.org/tr46 cache-miss
365 silly fetch manifest webidl-conversions@^7.0.0
366 silly packumentCache full:https://registry.npmjs.org/webidl-conversions cache-miss
367 http fetch GET 200 https://registry.npmjs.org/webidl-conversions 279ms (cache revalidated)
368 silly packumentCache full:https://registry.npmjs.org/webidl-conversions set size:46073 disposed:false
369 http fetch GET 200 https://registry.npmjs.org/tr46 316ms (cache revalidated)
370 silly packumentCache full:https://registry.npmjs.org/tr46 set size:47377 disposed:false
371 http fetch GET 200 https://registry.npmjs.org/@types%2fwebidl-conversions 2309ms (cache revalidated)
372 silly packumentCache full:https://registry.npmjs.org/@types%2fwebidl-conversions set size:22935 disposed:false
373 silly placeDep ROOT @types/webidl-conversions@7.0.3 OK for: @types/whatwg-url@13.0.0 want: *
374 silly placeDep ROOT ee-first@1.1.1 OK for: on-finished@2.4.1 want: 1.1.1
375 silly placeDep ROOT wrappy@1.0.2 OK for: once@1.4.0 want: 1
376 silly placeDep ROOT forwarded@0.2.0 OK for: proxy-addr@2.0.7 want: 0.2.0
377 silly placeDep ROOT ipaddr.js@1.9.1 OK for: proxy-addr@2.0.7 want: 1.9.1
378 silly placeDep ROOT side-channel@1.1.0 OK for: qs@6.14.1 want: ^1.1.0
379 silly fetch manifest es-errors@^1.3.0
380 silly packumentCache full:https://registry.npmjs.org/es-errors cache-miss
381 silly fetch manifest object-inspect@^1.13.3
382 silly packumentCache full:https://registry.npmjs.org/object-inspect cache-miss
383 silly fetch manifest side-channel-list@^1.0.0
384 silly packumentCache full:https://registry.npmjs.org/side-channel-list cache-miss
385 silly fetch manifest side-channel-map@^1.0.1
386 silly packumentCache full:https://registry.npmjs.org/side-channel-map cache-miss
387 silly fetch manifest side-channel-weakmap@^1.0.2
388 silly packumentCache full:https://registry.npmjs.org/side-channel-weakmap cache-miss
389 http fetch GET 200 https://registry.npmjs.org/es-errors 500ms (cache revalidated)
390 silly packumentCache full:https://registry.npmjs.org/es-errors set size:16918 disposed:false
391 http fetch GET 200 https://registry.npmjs.org/side-channel-map 493ms (cache revalidated)
392 silly packumentCache full:https://registry.npmjs.org/side-channel-map set size:9126 disposed:false
393 http fetch GET 200 https://registry.npmjs.org/side-channel-weakmap 496ms (cache revalidated)
394 silly packumentCache full:https://registry.npmjs.org/side-channel-weakmap set size:12620 disposed:false
395 http fetch GET 200 https://registry.npmjs.org/object-inspect 521ms (cache revalidated)
396 silly packumentCache full:https://registry.npmjs.org/object-inspect set size:101912 disposed:false
397 http fetch GET 200 https://registry.npmjs.org/side-channel-list 534ms (cache revalidated)
398 silly packumentCache full:https://registry.npmjs.org/side-channel-list set size:6005 disposed:false
399 silly placeDep ROOT unpipe@1.0.0 OK for: raw-body@3.0.2 want: ~1.0.0
400 silly placeDep ROOT is-promise@4.0.0 OK for: router@2.2.0 want: ^4.0.0
401 silly placeDep ROOT path-to-regexp@8.3.0 OK for: router@2.2.0 want: ^8.0.0
402 silly placeDep ROOT es-errors@1.3.0 OK for: side-channel@1.1.0 want: ^1.3.0
403 silly placeDep ROOT object-inspect@1.13.4 OK for: side-channel@1.1.0 want: ^1.13.3
404 silly placeDep ROOT side-channel-list@1.0.0 OK for: side-channel@1.1.0 want: ^1.0.0
405 silly placeDep ROOT side-channel-map@1.0.1 OK for: side-channel@1.1.0 want: ^1.0.1
406 silly placeDep ROOT side-channel-weakmap@1.0.2 OK for: side-channel@1.1.0 want: ^1.0.2
407 silly fetch manifest call-bound@^1.0.2
408 silly packumentCache full:https://registry.npmjs.org/call-bound cache-miss
409 silly fetch manifest get-intrinsic@^1.2.5
410 silly packumentCache full:https://registry.npmjs.org/get-intrinsic cache-miss
411 silly fetch manifest call-bound@^1.0.2
412 silly packumentCache full:https://registry.npmjs.org/call-bound cache-miss
413 silly fetch manifest get-intrinsic@^1.2.5
414 silly packumentCache full:https://registry.npmjs.org/get-intrinsic cache-miss
415 http fetch GET 200 https://registry.npmjs.org/call-bound 456ms (cache revalidated)
416 silly packumentCache full:https://registry.npmjs.org/call-bound set size:15317 disposed:false
417 http fetch GET 200 https://registry.npmjs.org/call-bound 477ms (cache revalidated)
418 silly packumentCache full:https://registry.npmjs.org/call-bound set size:15317 disposed:false
419 silly packumentCache full:https://registry.npmjs.org/call-bound dispose
420 http fetch GET 200 https://registry.npmjs.org/get-intrinsic 484ms (cache revalidated)
421 silly packumentCache full:https://registry.npmjs.org/get-intrinsic set size:60985 disposed:false
422 http fetch GET 200 https://registry.npmjs.org/get-intrinsic 494ms (cache revalidated)
423 silly packumentCache full:https://registry.npmjs.org/get-intrinsic set size:60985 disposed:false
424 silly packumentCache full:https://registry.npmjs.org/get-intrinsic dispose
425 silly placeDep ROOT call-bound@1.0.4 OK for: side-channel-map@1.0.1 want: ^1.0.2
426 silly placeDep ROOT get-intrinsic@1.3.0 OK for: side-channel-map@1.0.1 want: ^1.2.5
427 silly fetch manifest call-bind-apply-helpers@^1.0.2
428 silly packumentCache full:https://registry.npmjs.org/call-bind-apply-helpers cache-miss
429 silly fetch manifest get-intrinsic@^1.3.0
430 silly packumentCache full:https://registry.npmjs.org/get-intrinsic cache-hit
431 silly fetch manifest gopd@^1.2.0
432 silly packumentCache full:https://registry.npmjs.org/gopd cache-miss
433 silly fetch manifest hasown@^2.0.2
434 silly packumentCache full:https://registry.npmjs.org/hasown cache-miss
435 silly fetch manifest get-proto@^1.0.1
436 silly packumentCache full:https://registry.npmjs.org/get-proto cache-miss
437 silly fetch manifest has-symbols@^1.1.0
438 silly packumentCache full:https://registry.npmjs.org/has-symbols cache-miss
439 silly fetch manifest function-bind@^1.1.2
440 silly packumentCache full:https://registry.npmjs.org/function-bind cache-miss
441 silly fetch manifest es-object-atoms@^1.1.1
442 silly packumentCache full:https://registry.npmjs.org/es-object-atoms cache-miss
443 http fetch GET 200 https://registry.npmjs.org/call-bind-apply-helpers 330ms (cache revalidated)
444 silly packumentCache full:https://registry.npmjs.org/call-bind-apply-helpers set size:12744 disposed:false
445 silly fetch manifest math-intrinsics@^1.1.0
446 silly packumentCache full:https://registry.npmjs.org/math-intrinsics cache-miss
447 http fetch GET 200 https://registry.npmjs.org/get-proto 384ms (cache revalidated)
448 silly packumentCache full:https://registry.npmjs.org/get-proto set size:8300 disposed:false
449 silly fetch manifest es-define-property@^1.0.1
450 silly packumentCache full:https://registry.npmjs.org/es-define-property cache-miss
451 http fetch GET 200 https://registry.npmjs.org/hasown 404ms (cache revalidated)
452 silly packumentCache full:https://registry.npmjs.org/hasown set size:12476 disposed:false
453 http fetch GET 200 https://registry.npmjs.org/es-object-atoms 389ms (cache revalidated)
454 silly packumentCache full:https://registry.npmjs.org/es-object-atoms set size:15304 disposed:false
455 http fetch GET 200 https://registry.npmjs.org/gopd 431ms (cache revalidated)
456 silly packumentCache full:https://registry.npmjs.org/gopd set size:11458 disposed:false
457 http fetch GET 200 https://registry.npmjs.org/has-symbols 428ms (cache revalidated)
458 silly packumentCache full:https://registry.npmjs.org/has-symbols set size:21550 disposed:false
459 http fetch GET 200 https://registry.npmjs.org/function-bind 441ms (cache revalidated)
460 silly packumentCache full:https://registry.npmjs.org/function-bind set size:15733 disposed:false
461 http fetch GET 200 https://registry.npmjs.org/es-define-property 668ms (cache revalidated)
462 silly packumentCache full:https://registry.npmjs.org/es-define-property set size:8542 disposed:false
463 http fetch GET 200 https://registry.npmjs.org/math-intrinsics 746ms (cache revalidated)
464 silly packumentCache full:https://registry.npmjs.org/math-intrinsics set size:9265 disposed:false
465 silly placeDep ROOT call-bind-apply-helpers@1.0.2 OK for: call-bound@1.0.4 want: ^1.0.2
466 silly placeDep ROOT function-bind@1.1.2 OK for: call-bind-apply-helpers@1.0.2 want: ^1.1.2
467 silly placeDep ROOT es-define-property@1.0.1 OK for: get-intrinsic@1.3.0 want: ^1.0.1
468 silly placeDep ROOT es-object-atoms@1.1.1 OK for: get-intrinsic@1.3.0 want: ^1.1.1
469 silly placeDep ROOT get-proto@1.0.1 OK for: get-intrinsic@1.3.0 want: ^1.0.1
470 silly placeDep ROOT gopd@1.2.0 OK for: get-intrinsic@1.3.0 want: ^1.2.0
471 silly placeDep ROOT has-symbols@1.1.0 OK for: get-intrinsic@1.3.0 want: ^1.1.0
472 silly placeDep ROOT hasown@2.0.2 OK for: get-intrinsic@1.3.0 want: ^2.0.2
473 silly placeDep ROOT math-intrinsics@1.1.0 OK for: get-intrinsic@1.3.0 want: ^1.1.0
474 silly fetch manifest dunder-proto@^1.0.1
475 silly packumentCache full:https://registry.npmjs.org/dunder-proto cache-miss
476 http fetch GET 200 https://registry.npmjs.org/dunder-proto 270ms (cache revalidated)
477 silly packumentCache full:https://registry.npmjs.org/dunder-proto set size:8256 disposed:false
478 silly placeDep ROOT dunder-proto@1.0.1 OK for: get-proto@1.0.1 want: ^1.0.1
479 silly placeDep ROOT memory-pager@1.5.0 OK for: sparse-bitfield@3.0.3 want: ^1.0.2
480 silly placeDep ROOT media-typer@1.1.0 OK for: type-is@2.0.1 want: ^1.1.0
481 silly placeDep ROOT tr46@5.1.1 OK for: whatwg-url@14.2.0 want: ^5.1.0
482 silly placeDep ROOT webidl-conversions@7.0.0 OK for: whatwg-url@14.2.0 want: ^7.0.0
483 silly fetch manifest punycode@^2.3.1
484 silly packumentCache full:https://registry.npmjs.org/punycode cache-miss
485 http fetch GET 200 https://registry.npmjs.org/punycode 256ms (cache revalidated)
486 silly packumentCache full:https://registry.npmjs.org/punycode set size:61302 disposed:false
487 silly placeDep ROOT punycode@2.3.1 OK for: tr46@5.1.1 want: ^2.3.1
488 silly reify moves {}
489 silly audit bulk request {
489 silly audit   cors: [ '2.8.5' ],
489 silly audit   express: [ '5.2.1' ],
489 silly audit   mongoose: [ '9.1.2' ],
489 silly audit   'object-assign': [ '4.1.1' ],
489 silly audit   vary: [ '1.1.2' ],
489 silly audit   accepts: [ '2.0.0' ],
489 silly audit   'body-parser': [ '2.2.2' ],
489 silly audit   'content-disposition': [ '1.0.1' ],
489 silly audit   'content-type': [ '1.0.5' ],
489 silly audit   cookie: [ '0.7.2' ],
489 silly audit   'cookie-signature': [ '1.2.2' ],
489 silly audit   debug: [ '4.4.3' ],
489 silly audit   depd: [ '2.0.0' ],
489 silly audit   encodeurl: [ '2.0.0' ],
489 silly audit   'escape-html': [ '1.0.3' ],
489 silly audit   etag: [ '1.8.1' ],
489 silly audit   finalhandler: [ '2.1.1' ],
489 silly audit   fresh: [ '2.0.0' ],
489 silly audit   'http-errors': [ '2.0.1' ],
489 silly audit   'merge-descriptors': [ '2.0.0' ],
489 silly audit   'mime-types': [ '3.0.2' ],
489 silly audit   'on-finished': [ '2.4.1' ],
489 silly audit   once: [ '1.4.0' ],
489 silly audit   parseurl: [ '1.3.3' ],
489 silly audit   'proxy-addr': [ '2.0.7' ],
489 silly audit   qs: [ '6.14.1' ],
489 silly audit   'range-parser': [ '1.2.1' ],
489 silly audit   router: [ '2.2.0' ],
489 silly audit   send: [ '1.2.1' ],
489 silly audit   'serve-static': [ '2.2.1' ],
489 silly audit   statuses: [ '2.0.2' ],
489 silly audit   'type-is': [ '2.0.1' ],
489 silly audit   negotiator: [ '1.0.0' ],
489 silly audit   bytes: [ '3.1.2' ],
489 silly audit   'iconv-lite': [ '0.7.2' ],
489 silly audit   'raw-body': [ '3.0.2' ],
489 silly audit   ms: [ '2.1.3' ],
489 silly audit   inherits: [ '2.0.4' ],
489 silly audit   setprototypeof: [ '1.2.0' ],
489 silly audit   toidentifier: [ '1.0.1' ],
489 silly audit   'safer-buffer': [ '2.1.2' ],
489 silly audit   'mime-db': [ '1.54.0' ],
489 silly audit   kareem: [ '3.0.0' ],
489 silly audit   mongodb: [ '7.0.0' ],
489 silly audit   mpath: [ '0.9.0' ],
489 silly audit   mquery: [ '6.0.0' ],
489 silly audit   sift: [ '17.1.3' ],
489 silly audit   '@mongodb-js/saslprep': [ '1.4.4' ],
489 silly audit   bson: [ '7.0.0' ],
489 silly audit   'mongodb-connection-string-url': [ '7.0.0' ],
489 silly audit   'sparse-bitfield': [ '3.0.3' ],
489 silly audit   '@types/whatwg-url': [ '13.0.0' ],
489 silly audit   'whatwg-url': [ '14.2.0' ],
489 silly audit   '@types/webidl-conversions': [ '7.0.3' ],
489 silly audit   'ee-first': [ '1.1.1' ],
489 silly audit   wrappy: [ '1.0.2' ],
489 silly audit   forwarded: [ '0.2.0' ],
489 silly audit   'ipaddr.js': [ '1.9.1' ],
489 silly audit   'side-channel': [ '1.1.0' ],
489 silly audit   unpipe: [ '1.0.0' ],
489 silly audit   'is-promise': [ '4.0.0' ],
489 silly audit   'path-to-regexp': [ '8.3.0' ],
489 silly audit   'es-errors': [ '1.3.0' ],
489 silly audit   'object-inspect': [ '1.13.4' ],
489 silly audit   'side-channel-list': [ '1.0.0' ],
489 silly audit   'side-channel-map': [ '1.0.1' ],
489 silly audit   'side-channel-weakmap': [ '1.0.2' ],
489 silly audit   'call-bound': [ '1.0.4' ],
489 silly audit   'get-intrinsic': [ '1.3.0' ],
489 silly audit   'call-bind-apply-helpers': [ '1.0.2' ],
489 silly audit   'function-bind': [ '1.1.2' ],
489 silly audit   'es-define-property': [ '1.0.1' ],
489 silly audit   'es-object-atoms': [ '1.1.1' ],
489 silly audit   'get-proto': [ '1.0.1' ],
489 silly audit   gopd: [ '1.2.0' ],
489 silly audit   'has-symbols': [ '1.1.0' ],
489 silly audit   hasown: [ '2.0.2' ],
489 silly audit   'math-intrinsics': [ '1.1.0' ],
489 silly audit   'dunder-proto': [ '1.0.1' ],
489 silly audit   'memory-pager': [ '1.5.0' ],
489 silly audit   'media-typer': [ '1.1.0' ],
489 silly audit   tr46: [ '5.1.1' ],
489 silly audit   'webidl-conversions': [ '7.0.0' ],
489 silly audit   punycode: [ '2.3.1' ]
489 silly audit }
490 http cache punycode@https://registry.npmjs.org/punycode/-/punycode-2.3.1.tgz 0ms (cache hit)
491 http cache webidl-conversions@https://registry.npmjs.org/webidl-conversions/-/webidl-conversions-7.0.0.tgz 0ms (cache hit)
492 http cache tr46@https://registry.npmjs.org/tr46/-/tr46-5.1.1.tgz 0ms (cache hit)
493 http cache media-typer@https://registry.npmjs.org/media-typer/-/media-typer-1.1.0.tgz 0ms (cache hit)
494 http cache memory-pager@https://registry.npmjs.org/memory-pager/-/memory-pager-1.5.0.tgz 0ms (cache hit)
495 http cache dunder-proto@https://registry.npmjs.org/dunder-proto/-/dunder-proto-1.0.1.tgz 0ms (cache hit)
496 http cache math-intrinsics@https://registry.npmjs.org/math-intrinsics/-/math-intrinsics-1.1.0.tgz 0ms (cache hit)
497 http cache hasown@https://registry.npmjs.org/hasown/-/hasown-2.0.2.tgz 0ms (cache hit)
498 http cache has-symbols@https://registry.npmjs.org/has-symbols/-/has-symbols-1.1.0.tgz 0ms (cache hit)
499 http cache gopd@https://registry.npmjs.org/gopd/-/gopd-1.2.0.tgz 0ms (cache hit)
500 http cache get-proto@https://registry.npmjs.org/get-proto/-/get-proto-1.0.1.tgz 0ms (cache hit)
501 http cache es-object-atoms@https://registry.npmjs.org/es-object-atoms/-/es-object-atoms-1.1.1.tgz 0ms (cache hit)
502 http cache es-define-property@https://registry.npmjs.org/es-define-property/-/es-define-property-1.0.1.tgz 0ms (cache hit)
503 http cache function-bind@https://registry.npmjs.org/function-bind/-/function-bind-1.1.2.tgz 0ms (cache hit)
504 http cache get-intrinsic@https://registry.npmjs.org/get-intrinsic/-/get-intrinsic-1.3.0.tgz 0ms (cache hit)
505 http cache call-bind-apply-helpers@https://registry.npmjs.org/call-bind-apply-helpers/-/call-bind-apply-helpers-1.0.2.tgz 1ms (cache hit)
506 http cache call-bound@https://registry.npmjs.org/call-bound/-/call-bound-1.0.4.tgz 0ms (cache hit)
507 http cache side-channel-weakmap@https://registry.npmjs.org/side-channel-weakmap/-/side-channel-weakmap-1.0.2.tgz 0ms (cache hit)
508 http cache side-channel-map@https://registry.npmjs.org/side-channel-map/-/side-channel-map-1.0.1.tgz 0ms (cache hit)
509 http cache side-channel-list@https://registry.npmjs.org/side-channel-list/-/side-channel-list-1.0.0.tgz 0ms (cache hit)
510 http cache object-inspect@https://registry.npmjs.org/object-inspect/-/object-inspect-1.13.4.tgz 1ms (cache hit)
511 http cache es-errors@https://registry.npmjs.org/es-errors/-/es-errors-1.3.0.tgz 0ms (cache hit)
512 http cache path-to-regexp@https://registry.npmjs.org/path-to-regexp/-/path-to-regexp-8.3.0.tgz 0ms (cache hit)
513 http cache is-promise@https://registry.npmjs.org/is-promise/-/is-promise-4.0.0.tgz 0ms (cache hit)
514 http cache unpipe@https://registry.npmjs.org/unpipe/-/unpipe-1.0.0.tgz 0ms (cache hit)
515 http cache side-channel@https://registry.npmjs.org/side-channel/-/side-channel-1.1.0.tgz 0ms (cache hit)
516 http cache forwarded@https://registry.npmjs.org/forwarded/-/forwarded-0.2.0.tgz 0ms (cache hit)
517 http cache wrappy@https://registry.npmjs.org/wrappy/-/wrappy-1.0.2.tgz 1ms (cache hit)
518 http cache ee-first@https://registry.npmjs.org/ee-first/-/ee-first-1.1.1.tgz 0ms (cache hit)
519 http cache @types/webidl-conversions@https://registry.npmjs.org/@types/webidl-conversions/-/webidl-conversions-7.0.3.tgz 0ms (cache hit)
520 http cache whatwg-url@https://registry.npmjs.org/whatwg-url/-/whatwg-url-14.2.0.tgz 0ms (cache hit)
521 http cache @types/whatwg-url@https://registry.npmjs.org/@types/whatwg-url/-/whatwg-url-13.0.0.tgz 0ms (cache hit)
522 http cache sparse-bitfield@https://registry.npmjs.org/sparse-bitfield/-/sparse-bitfield-3.0.3.tgz 0ms (cache hit)
523 http cache mongodb-connection-string-url@https://registry.npmjs.org/mongodb-connection-string-url/-/mongodb-connection-string-url-7.0.0.tgz 0ms (cache hit)
524 http cache bson@https://registry.npmjs.org/bson/-/bson-7.0.0.tgz 0ms (cache hit)
525 http cache @mongodb-js/saslprep@https://registry.npmjs.org/@mongodb-js/saslprep/-/saslprep-1.4.4.tgz 0ms (cache hit)
526 http cache sift@https://registry.npmjs.org/sift/-/sift-17.1.3.tgz 1ms (cache hit)
527 http cache mquery@https://registry.npmjs.org/mquery/-/mquery-6.0.0.tgz 1ms (cache hit)
528 http cache mpath@https://registry.npmjs.org/mpath/-/mpath-0.9.0.tgz 0ms (cache hit)
529 http cache mongodb@https://registry.npmjs.org/mongodb/-/mongodb-7.0.0.tgz 0ms (cache hit)
530 http cache kareem@https://registry.npmjs.org/kareem/-/kareem-3.0.0.tgz 0ms (cache hit)
531 http cache mime-db@https://registry.npmjs.org/mime-db/-/mime-db-1.54.0.tgz 0ms (cache hit)
532 http cache safer-buffer@https://registry.npmjs.org/safer-buffer/-/safer-buffer-2.1.2.tgz 0ms (cache hit)
533 http cache setprototypeof@https://registry.npmjs.org/setprototypeof/-/setprototypeof-1.2.0.tgz 0ms (cache hit)
534 http cache toidentifier@https://registry.npmjs.org/toidentifier/-/toidentifier-1.0.1.tgz 0ms (cache hit)
535 http cache inherits@https://registry.npmjs.org/inherits/-/inherits-2.0.4.tgz 0ms (cache hit)
536 http cache raw-body@https://registry.npmjs.org/raw-body/-/raw-body-3.0.2.tgz 1ms (cache hit)
537 http cache ms@https://registry.npmjs.org/ms/-/ms-2.1.3.tgz 0ms (cache hit)
538 http cache iconv-lite@https://registry.npmjs.org/iconv-lite/-/iconv-lite-0.7.2.tgz 0ms (cache hit)
539 http cache bytes@https://registry.npmjs.org/bytes/-/bytes-3.1.2.tgz 0ms (cache hit)
540 http cache negotiator@https://registry.npmjs.org/negotiator/-/negotiator-1.0.0.tgz 0ms (cache hit)
541 http cache type-is@https://registry.npmjs.org/type-is/-/type-is-2.0.1.tgz 0ms (cache hit)
542 http cache statuses@https://registry.npmjs.org/statuses/-/statuses-2.0.2.tgz 0ms (cache hit)
543 http cache serve-static@https://registry.npmjs.org/serve-static/-/serve-static-2.2.1.tgz 0ms (cache hit)
544 http cache send@https://registry.npmjs.org/send/-/send-1.2.1.tgz 0ms (cache hit)
545 http cache router@https://registry.npmjs.org/router/-/router-2.2.0.tgz 0ms (cache hit)
546 http cache range-parser@https://registry.npmjs.org/range-parser/-/range-parser-1.2.1.tgz 1ms (cache hit)
547 http cache qs@https://registry.npmjs.org/qs/-/qs-6.14.1.tgz 0ms (cache hit)
548 http cache proxy-addr@https://registry.npmjs.org/proxy-addr/-/proxy-addr-2.0.7.tgz 0ms (cache hit)
549 http cache parseurl@https://registry.npmjs.org/parseurl/-/parseurl-1.3.3.tgz 0ms (cache hit)
550 http cache on-finished@https://registry.npmjs.org/on-finished/-/on-finished-2.4.1.tgz 0ms (cache hit)
551 http cache once@https://registry.npmjs.org/once/-/once-1.4.0.tgz 0ms (cache hit)
552 http cache mime-types@https://registry.npmjs.org/mime-types/-/mime-types-3.0.2.tgz 0ms (cache hit)
553 http cache merge-descriptors@https://registry.npmjs.org/merge-descriptors/-/merge-descriptors-2.0.0.tgz 0ms (cache hit)
554 http cache http-errors@https://registry.npmjs.org/http-errors/-/http-errors-2.0.1.tgz 0ms (cache hit)
555 http cache fresh@https://registry.npmjs.org/fresh/-/fresh-2.0.0.tgz 0ms (cache hit)
556 http cache finalhandler@https://registry.npmjs.org/finalhandler/-/finalhandler-2.1.1.tgz 0ms (cache hit)
557 http cache escape-html@https://registry.npmjs.org/escape-html/-/escape-html-1.0.3.tgz 0ms (cache hit)
558 http cache etag@https://registry.npmjs.org/etag/-/etag-1.8.1.tgz 0ms (cache hit)
559 http cache encodeurl@https://registry.npmjs.org/encodeurl/-/encodeurl-2.0.0.tgz 0ms (cache hit)
560 http cache depd@https://registry.npmjs.org/depd/-/depd-2.0.0.tgz 0ms (cache hit)
561 http cache debug@https://registry.npmjs.org/debug/-/debug-4.4.3.tgz 0ms (cache hit)
562 http cache cookie-signature@https://registry.npmjs.org/cookie-signature/-/cookie-signature-1.2.2.tgz 0ms (cache hit)
563 http cache cookie@https://registry.npmjs.org/cookie/-/cookie-0.7.2.tgz 0ms (cache hit)
564 http cache content-type@https://registry.npmjs.org/content-type/-/content-type-1.0.5.tgz 0ms (cache hit)
565 http cache content-disposition@https://registry.npmjs.org/content-disposition/-/content-disposition-1.0.1.tgz 0ms (cache hit)
566 http cache body-parser@https://registry.npmjs.org/body-parser/-/body-parser-2.2.2.tgz 0ms (cache hit)
567 http cache accepts@https://registry.npmjs.org/accepts/-/accepts-2.0.0.tgz 0ms (cache hit)
568 http cache vary@https://registry.npmjs.org/vary/-/vary-1.1.2.tgz 0ms (cache hit)
569 http cache object-assign@https://registry.npmjs.org/object-assign/-/object-assign-4.1.1.tgz 0ms (cache hit)
570 http cache mongoose@https://registry.npmjs.org/mongoose/-/mongoose-9.1.2.tgz 0ms (cache hit)
571 http cache express@https://registry.npmjs.org/express/-/express-5.2.1.tgz 0ms (cache hit)
572 http cache cors@https://registry.npmjs.org/cors/-/cors-2.8.5.tgz 0ms (cache hit)
573 http cache ipaddr.js@https://registry.npmjs.org/ipaddr.js/-/ipaddr.js-1.9.1.tgz 1ms (cache hit)
574 silly tarball no local data for iconv-lite@https://registry.npmjs.org/iconv-lite/-/iconv-lite-0.7.2.tgz. Extracting by manifest.
575 http fetch POST 200 https://registry.npmjs.org/-/npm/v1/security/advisories/bulk 1853ms
576 silly audit report {}
577 http fetch GET 200 https://registry.npmjs.org/iconv-lite/-/iconv-lite-0.7.2.tgz 2681ms (cache miss)
578 silly ADD node_modules/punycode
579 silly ADD node_modules/webidl-conversions
580 silly ADD node_modules/tr46
581 silly ADD node_modules/media-typer
582 silly ADD node_modules/memory-pager
583 silly ADD node_modules/dunder-proto
584 silly ADD node_modules/math-intrinsics
585 silly ADD node_modules/hasown
586 silly ADD node_modules/has-symbols
587 silly ADD node_modules/gopd
588 silly ADD node_modules/get-proto
589 silly ADD node_modules/es-object-atoms
590 silly ADD node_modules/es-define-property
591 silly ADD node_modules/function-bind
592 silly ADD node_modules/call-bind-apply-helpers
593 silly ADD node_modules/get-intrinsic
594 silly ADD node_modules/call-bound
595 silly ADD node_modules/side-channel-weakmap
596 silly ADD node_modules/side-channel-map
597 silly ADD node_modules/side-channel-list
598 silly ADD node_modules/object-inspect
599 silly ADD node_modules/es-errors
600 silly ADD node_modules/path-to-regexp
601 silly ADD node_modules/is-promise
602 silly ADD node_modules/unpipe
603 silly ADD node_modules/side-channel
604 silly ADD node_modules/ipaddr.js
605 silly ADD node_modules/forwarded
606 silly ADD node_modules/wrappy
607 silly ADD node_modules/ee-first
608 silly ADD node_modules/@types/webidl-conversions
609 silly ADD node_modules/whatwg-url
610 silly ADD node_modules/@types/whatwg-url
611 silly ADD node_modules/sparse-bitfield
612 silly ADD node_modules/mongodb-connection-string-url
613 silly ADD node_modules/bson
614 silly ADD node_modules/@mongodb-js/saslprep
615 silly ADD node_modules/sift
616 silly ADD node_modules/mquery
617 silly ADD node_modules/mpath
618 silly ADD node_modules/mongodb
619 silly ADD node_modules/kareem
620 silly ADD node_modules/mime-db
621 silly ADD node_modules/safer-buffer
622 silly ADD node_modules/toidentifier
623 silly ADD node_modules/setprototypeof
624 silly ADD node_modules/inherits
625 silly ADD node_modules/ms
626 silly ADD node_modules/raw-body
627 silly ADD node_modules/iconv-lite
628 silly ADD node_modules/bytes
629 silly ADD node_modules/negotiator
630 silly ADD node_modules/type-is
631 silly ADD node_modules/statuses
632 silly ADD node_modules/serve-static
633 silly ADD node_modules/send
634 silly ADD node_modules/router
635 silly ADD node_modules/range-parser
636 silly ADD node_modules/qs
637 silly ADD node_modules/proxy-addr
638 silly ADD node_modules/parseurl
639 silly ADD node_modules/once
640 silly ADD node_modules/on-finished
641 silly ADD node_modules/mime-types
642 silly ADD node_modules/merge-descriptors
643 silly ADD node_modules/http-errors
644 silly ADD node_modules/fresh
645 silly ADD node_modules/finalhandler
646 silly ADD node_modules/etag
647 silly ADD node_modules/escape-html
648 silly ADD node_modules/encodeurl
649 silly ADD node_modules/depd
650 silly ADD node_modules/debug
651 silly ADD node_modules/cookie-signature
652 silly ADD node_modules/cookie
653 silly ADD node_modules/content-type
654 silly ADD node_modules/content-disposition
655 silly ADD node_modules/body-parser
656 silly ADD node_modules/accepts
657 silly ADD node_modules/vary
658 silly ADD node_modules/object-assign
659 silly ADD node_modules/mongoose
660 silly ADD node_modules/express
661 silly ADD node_modules/cors
662 verbose cwd /data/data/com.termux/files/home
663 verbose os Linux 5.4.276-android12-9-660526-g88e0fbe0287a-ab753
664 verbose node v25.2.1
665 verbose npm  v11.6.2
666 verbose exit 0
667 info ok
