0 verbose cli /data/data/com.termux/files/usr/bin/node /data/data/com.termux/files/usr/bin/npm
1 info using npm@11.6.2
2 info using node@v25.2.1
3 silly config load:file:/data/data/com.termux/files/usr/lib/node_modules/npm/npmrc
4 silly config load:file:/data/data/com.termux/files/home/BinaryProject/.npmrc
5 silly config load:file:/data/data/com.termux/files/home/.npmrc
6 silly config load:file:/data/data/com.termux/files/usr/etc/npmrc
7 verbose title npm install mongoose
8 verbose argv "install" "mongoose"
9 verbose logfile logs-max:10 dir:/data/data/com.termux/files/home/.npm/_logs/2026-01-08T20_59_25_100Z-
10 verbose logfile /data/data/com.termux/files/home/.npm/_logs/2026-01-08T20_59_25_100Z-debug-0.log
11 silly logfile done cleaning log files
12 silly packumentCache heap:1113849856 maxSize:278462464 maxEntrySize:139231232
13 silly idealTree buildDeps
14 silly fetch manifest mongoose@*
15 silly packumentCache full:https://registry.npmjs.org/mongoose cache-miss
16 http fetch GET 200 https://registry.npmjs.org/mongoose 2404ms (cache miss)
17 silly packumentCache full:https://registry.npmjs.org/mongoose set size:undefined disposed:false
18 silly placeDep ROOT mongoose@9.1.2 OK for:  want: *
19 silly fetch manifest kareem@3.0.0
20 silly packumentCache full:https://registry.npmjs.org/kareem cache-miss
21 silly fetch manifest mongodb@~7.0
22 silly packumentCache full:https://registry.npmjs.org/mongodb cache-miss
23 silly fetch manifest mpath@0.9.0
24 silly packumentCache full:https://registry.npmjs.org/mpath cache-miss
25 silly fetch manifest mquery@6.0.0
26 silly packumentCache full:https://registry.npmjs.org/mquery cache-miss
27 silly fetch manifest sift@17.1.3
28 silly packumentCache full:https://registry.npmjs.org/sift cache-miss
29 http fetch GET 200 https://registry.npmjs.org/kareem 325ms (cache miss)
30 silly packumentCache full:https://registry.npmjs.org/kareem set size:undefined disposed:false
31 http fetch GET 200 https://registry.npmjs.org/mpath 860ms (cache miss)
32 silly packumentCache full:https://registry.npmjs.org/mpath set size:undefined disposed:false
33 http fetch GET 200 https://registry.npmjs.org/mquery 1330ms (cache miss)
34 silly packumentCache full:https://registry.npmjs.org/mquery set size:undefined disposed:false
35 http fetch GET 200 https://registry.npmjs.org/sift 1421ms (cache miss)
36 silly packumentCache full:https://registry.npmjs.org/sift set size:undefined disposed:false
37 http fetch GET 200 https://registry.npmjs.org/mongodb 1908ms (cache miss)
38 silly packumentCache full:https://registry.npmjs.org/mongodb set size:undefined disposed:false
39 silly fetch manifest @aws-sdk/credential-providers@^3.806.0
40 silly packumentCache full:https://registry.npmjs.org/@aws-sdk%2fcredential-providers cache-miss
41 http fetch GET 200 https://registry.npmjs.org/@aws-sdk%2fcredential-providers 521ms (cache miss)
42 silly packumentCache full:https://registry.npmjs.org/@aws-sdk%2fcredential-providers set size:undefined disposed:false
43 silly fetch manifest @mongodb-js/zstd@^7.0.0
44 silly packumentCache full:https://registry.npmjs.org/@mongodb-js%2fzstd cache-miss
45 http fetch GET 200 https://registry.npmjs.org/@mongodb-js%2fzstd 310ms (cache miss)
46 silly packumentCache full:https://registry.npmjs.org/@mongodb-js%2fzstd set size:undefined disposed:false
47 silly fetch manifest gcp-metadata@^7.0.1
48 silly packumentCache full:https://registry.npmjs.org/gcp-metadata cache-miss
49 http fetch GET 200 https://registry.npmjs.org/gcp-metadata 341ms (cache miss)
50 silly packumentCache full:https://registry.npmjs.org/gcp-metadata set size:undefined disposed:false
51 silly fetch manifest kerberos@^7.0.0
52 silly packumentCache full:https://registry.npmjs.org/kerberos cache-miss
53 http fetch GET 200 https://registry.npmjs.org/kerberos 214ms (cache miss)
54 silly packumentCache full:https://registry.npmjs.org/kerberos set size:undefined disposed:false
55 silly fetch manifest mongodb-client-encryption@>=7.0.0 <7.1.0
56 silly packumentCache full:https://registry.npmjs.org/mongodb-client-encryption cache-miss
57 http fetch GET 200 https://registry.npmjs.org/mongodb-client-encryption 441ms (cache miss)
58 silly packumentCache full:https://registry.npmjs.org/mongodb-client-encryption set size:undefined disposed:false
59 silly fetch manifest snappy@^7.3.2
60 silly packumentCache full:https://registry.npmjs.org/snappy cache-miss
61 http fetch GET 200 https://registry.npmjs.org/snappy 230ms (cache miss)
62 silly packumentCache full:https://registry.npmjs.org/snappy set size:undefined disposed:false
63 silly fetch manifest socks@^2.8.6
64 silly packumentCache full:https://registry.npmjs.org/socks cache-miss
65 http fetch GET 200 https://registry.npmjs.org/socks 262ms (cache miss)
66 silly packumentCache full:https://registry.npmjs.org/socks set size:undefined disposed:false
67 silly placeDep ROOT kareem@3.0.0 OK for: mongoose@9.1.2 want: 3.0.0
68 silly placeDep ROOT mongodb@7.0.0 OK for: mongoose@9.1.2 want: ~7.0
69 silly placeDep ROOT mpath@0.9.0 OK for: mongoose@9.1.2 want: 0.9.0
70 silly placeDep ROOT mquery@6.0.0 OK for: mongoose@9.1.2 want: 6.0.0
71 silly placeDep ROOT sift@17.1.3 OK for: mongoose@9.1.2 want: 17.1.3
72 silly fetch manifest bson@^7.0.0
73 silly packumentCache full:https://registry.npmjs.org/bson cache-miss
74 silly fetch manifest @mongodb-js/saslprep@^1.3.0
75 silly packumentCache full:https://registry.npmjs.org/@mongodb-js%2fsaslprep cache-miss
76 silly fetch manifest mongodb-connection-string-url@^7.0.0
77 silly packumentCache full:https://registry.npmjs.org/mongodb-connection-string-url cache-miss
78 http fetch GET 200 https://registry.npmjs.org/bson 418ms (cache miss)
79 silly packumentCache full:https://registry.npmjs.org/bson set size:undefined disposed:false
80 http fetch GET 200 https://registry.npmjs.org/@mongodb-js%2fsaslprep 525ms (cache miss)
81 silly packumentCache full:https://registry.npmjs.org/@mongodb-js%2fsaslprep set size:undefined disposed:false
82 http fetch GET 200 https://registry.npmjs.org/mongodb-connection-string-url 537ms (cache miss)
83 silly packumentCache full:https://registry.npmjs.org/mongodb-connection-string-url set size:undefined disposed:false
84 silly placeDep ROOT @mongodb-js/saslprep@1.4.4 OK for: mongodb@7.0.0 want: ^1.3.0
85 silly placeDep ROOT bson@7.0.0 OK for: mongodb@7.0.0 want: ^7.0.0
86 silly placeDep ROOT mongodb-connection-string-url@7.0.0 OK for: mongodb@7.0.0 want: ^7.0.0
87 silly fetch manifest sparse-bitfield@^3.0.3
88 silly packumentCache full:https://registry.npmjs.org/sparse-bitfield cache-miss
89 silly fetch manifest whatwg-url@^14.1.0
90 silly packumentCache full:https://registry.npmjs.org/whatwg-url cache-miss
91 silly fetch manifest @types/whatwg-url@^13.0.0
92 silly packumentCache full:https://registry.npmjs.org/@types%2fwhatwg-url cache-miss
93 http fetch GET 200 https://registry.npmjs.org/sparse-bitfield 231ms (cache miss)
94 silly packumentCache full:https://registry.npmjs.org/sparse-bitfield set size:undefined disposed:false
95 http fetch GET 200 https://registry.npmjs.org/whatwg-url 323ms (cache miss)
96 silly packumentCache full:https://registry.npmjs.org/whatwg-url set size:undefined disposed:false
97 http fetch GET 200 https://registry.npmjs.org/@types%2fwhatwg-url 364ms (cache miss)
98 silly packumentCache full:https://registry.npmjs.org/@types%2fwhatwg-url set size:undefined disposed:false
99 silly placeDep ROOT sparse-bitfield@3.0.3 OK for: @mongodb-js/saslprep@1.4.4 want: ^3.0.3
100 silly fetch manifest memory-pager@^1.0.2
101 silly packumentCache full:https://registry.npmjs.org/memory-pager cache-miss
102 http fetch GET 200 https://registry.npmjs.org/memory-pager 276ms (cache miss)
103 silly packumentCache full:https://registry.npmjs.org/memory-pager set size:undefined disposed:false
104 silly placeDep ROOT @types/whatwg-url@13.0.0 OK for: mongodb-connection-string-url@7.0.0 want: ^13.0.0
105 silly placeDep ROOT whatwg-url@14.2.0 OK for: mongodb-connection-string-url@7.0.0 want: ^14.1.0
106 silly fetch manifest @types/webidl-conversions@*
107 silly packumentCache full:https://registry.npmjs.org/@types%2fwebidl-conversions cache-miss
108 silly fetch manifest tr46@^5.1.0
109 silly packumentCache full:https://registry.npmjs.org/tr46 cache-miss
110 silly fetch manifest webidl-conversions@^7.0.0
111 silly packumentCache full:https://registry.npmjs.org/webidl-conversions cache-miss
112 http fetch GET 200 https://registry.npmjs.org/tr46 228ms (cache miss)
113 silly packumentCache full:https://registry.npmjs.org/tr46 set size:undefined disposed:false
114 http fetch GET 200 https://registry.npmjs.org/webidl-conversions 268ms (cache miss)
115 silly packumentCache full:https://registry.npmjs.org/webidl-conversions set size:undefined disposed:false
116 http fetch GET 200 https://registry.npmjs.org/@types%2fwebidl-conversions 290ms (cache miss)
117 silly packumentCache full:https://registry.npmjs.org/@types%2fwebidl-conversions set size:undefined disposed:false
118 silly placeDep ROOT @types/webidl-conversions@7.0.3 OK for: @types/whatwg-url@13.0.0 want: *
119 silly placeDep ROOT memory-pager@1.5.0 OK for: sparse-bitfield@3.0.3 want: ^1.0.2
120 silly placeDep ROOT tr46@5.1.1 OK for: whatwg-url@14.2.0 want: ^5.1.0
121 silly placeDep ROOT webidl-conversions@7.0.0 OK for: whatwg-url@14.2.0 want: ^7.0.0
122 silly fetch manifest punycode@^2.3.1
123 silly packumentCache full:https://registry.npmjs.org/punycode cache-miss
124 http fetch GET 200 https://registry.npmjs.org/punycode 240ms (cache miss)
125 silly packumentCache full:https://registry.npmjs.org/punycode set size:undefined disposed:false
126 silly placeDep ROOT punycode@2.3.1 OK for: tr46@5.1.1 want: ^2.3.1
127 silly reify moves {}
128 silly audit bulk request {
128 silly audit   accepts: [ '2.0.0' ],
128 silly audit   'body-parser': [ '2.2.2' ],
128 silly audit   bytes: [ '3.1.2' ],
128 silly audit   'call-bind-apply-helpers': [ '1.0.2' ],
128 silly audit   'call-bound': [ '1.0.4' ],
128 silly audit   'content-disposition': [ '1.0.1' ],
128 silly audit   'content-type': [ '1.0.5' ],
128 silly audit   cookie: [ '0.7.2' ],
128 silly audit   'cookie-signature': [ '1.2.2' ],
128 silly audit   cors: [ '2.8.5' ],
128 silly audit   debug: [ '4.4.3' ],
128 silly audit   depd: [ '2.0.0' ],
128 silly audit   'dunder-proto': [ '1.0.1' ],
128 silly audit   'ee-first': [ '1.1.1' ],
128 silly audit   encodeurl: [ '2.0.0' ],
128 silly audit   'es-define-property': [ '1.0.1' ],
128 silly audit   'es-errors': [ '1.3.0' ],
128 silly audit   'es-object-atoms': [ '1.1.1' ],
128 silly audit   'escape-html': [ '1.0.3' ],
128 silly audit   etag: [ '1.8.1' ],
128 silly audit   express: [ '5.2.1' ],
128 silly audit   finalhandler: [ '2.1.1' ],
128 silly audit   forwarded: [ '0.2.0' ],
128 silly audit   fresh: [ '2.0.0' ],
128 silly audit   'function-bind': [ '1.1.2' ],
128 silly audit   'get-intrinsic': [ '1.3.0' ],
128 silly audit   'get-proto': [ '1.0.1' ],
128 silly audit   gopd: [ '1.2.0' ],
128 silly audit   'has-symbols': [ '1.1.0' ],
128 silly audit   hasown: [ '2.0.2' ],
128 silly audit   'http-errors': [ '2.0.1' ],
128 silly audit   'iconv-lite': [ '0.7.1' ],
128 silly audit   inherits: [ '2.0.4' ],
128 silly audit   'ipaddr.js': [ '1.9.1' ],
128 silly audit   'is-promise': [ '4.0.0' ],
128 silly audit   'math-intrinsics': [ '1.1.0' ],
128 silly audit   'media-typer': [ '1.1.0' ],
128 silly audit   'merge-descriptors': [ '2.0.0' ],
128 silly audit   'mime-db': [ '1.54.0' ],
128 silly audit   'mime-types': [ '3.0.2' ],
128 silly audit   ms: [ '2.1.3' ],
128 silly audit   negotiator: [ '1.0.0' ],
128 silly audit   'object-assign': [ '4.1.1' ],
128 silly audit   'object-inspect': [ '1.13.4' ],
128 silly audit   'on-finished': [ '2.4.1' ],
128 silly audit   once: [ '1.4.0' ],
128 silly audit   parseurl: [ '1.3.3' ],
128 silly audit   'path-to-regexp': [ '8.3.0' ],
128 silly audit   'proxy-addr': [ '2.0.7' ],
128 silly audit   qs: [ '6.14.1' ],
128 silly audit   'range-parser': [ '1.2.1' ],
128 silly audit   'raw-body': [ '3.0.2' ],
128 silly audit   router: [ '2.2.0' ],
128 silly audit   'safer-buffer': [ '2.1.2' ],
128 silly audit   send: [ '1.2.1' ],
128 silly audit   'serve-static': [ '2.2.1' ],
128 silly audit   setprototypeof: [ '1.2.0' ],
128 silly audit   'side-channel': [ '1.1.0' ],
128 silly audit   'side-channel-list': [ '1.0.0' ],
128 silly audit   'side-channel-map': [ '1.0.1' ],
128 silly audit   'side-channel-weakmap': [ '1.0.2' ],
128 silly audit   statuses: [ '2.0.2' ],
128 silly audit   toidentifier: [ '1.0.1' ],
128 silly audit   'type-is': [ '2.0.1' ],
128 silly audit   unpipe: [ '1.0.0' ],
128 silly audit   vary: [ '1.1.2' ],
128 silly audit   wrappy: [ '1.0.2' ],
128 silly audit   mongoose: [ '9.1.2' ],
128 silly audit   kareem: [ '3.0.0' ],
128 silly audit   mongodb: [ '7.0.0' ],
128 silly audit   mpath: [ '0.9.0' ],
128 silly audit   mquery: [ '6.0.0' ],
128 silly audit   sift: [ '17.1.3' ],
128 silly audit   '@mongodb-js/saslprep': [ '1.4.4' ],
128 silly audit   bson: [ '7.0.0' ],
128 silly audit   'mongodb-connection-string-url': [ '7.0.0' ],
128 silly audit   'sparse-bitfield': [ '3.0.3' ],
128 silly audit   '@types/whatwg-url': [ '13.0.0' ],
128 silly audit   'whatwg-url': [ '14.2.0' ],
128 silly audit   '@types/webidl-conversions': [ '7.0.3' ],
128 silly audit   'memory-pager': [ '1.5.0' ],
128 silly audit   tr46: [ '5.1.1' ],
128 silly audit   'webidl-conversions': [ '7.0.0' ],
128 silly audit   punycode: [ '2.3.1' ]
128 silly audit }
129 http cache punycode@https://registry.npmjs.org/punycode/-/punycode-2.3.1.tgz 3ms (cache hit)
130 http cache webidl-conversions@https://registry.npmjs.org/webidl-conversions/-/webidl-conversions-7.0.0.tgz 1ms (cache hit)
131 http cache tr46@https://registry.npmjs.org/tr46/-/tr46-5.1.1.tgz 0ms (cache hit)
132 http cache memory-pager@https://registry.npmjs.org/memory-pager/-/memory-pager-1.5.0.tgz 0ms (cache hit)
133 http cache @types/webidl-conversions@https://registry.npmjs.org/@types/webidl-conversions/-/webidl-conversions-7.0.3.tgz 0ms (cache hit)
134 http cache whatwg-url@https://registry.npmjs.org/whatwg-url/-/whatwg-url-14.2.0.tgz 0ms (cache hit)
135 http cache @types/whatwg-url@https://registry.npmjs.org/@types/whatwg-url/-/whatwg-url-13.0.0.tgz 0ms (cache hit)
136 http cache sparse-bitfield@https://registry.npmjs.org/sparse-bitfield/-/sparse-bitfield-3.0.3.tgz 1ms (cache hit)
137 http cache mongodb-connection-string-url@https://registry.npmjs.org/mongodb-connection-string-url/-/mongodb-connection-string-url-7.0.0.tgz 1ms (cache hit)
138 http cache bson@https://registry.npmjs.org/bson/-/bson-7.0.0.tgz 0ms (cache hit)
139 http cache @mongodb-js/saslprep@https://registry.npmjs.org/@mongodb-js/saslprep/-/saslprep-1.4.4.tgz 0ms (cache hit)
140 http cache sift@https://registry.npmjs.org/sift/-/sift-17.1.3.tgz 0ms (cache hit)
141 http cache mquery@https://registry.npmjs.org/mquery/-/mquery-6.0.0.tgz 0ms (cache hit)
142 http cache mpath@https://registry.npmjs.org/mpath/-/mpath-0.9.0.tgz 0ms (cache hit)
143 http cache mongodb@https://registry.npmjs.org/mongodb/-/mongodb-7.0.0.tgz 0ms (cache hit)
144 http cache kareem@https://registry.npmjs.org/kareem/-/kareem-3.0.0.tgz 0ms (cache hit)
145 http cache mongoose@https://registry.npmjs.org/mongoose/-/mongoose-9.1.2.tgz 1ms (cache hit)
146 silly tarball no local data for punycode@https://registry.npmjs.org/punycode/-/punycode-2.3.1.tgz. Extracting by manifest.
147 silly tarball no local data for webidl-conversions@https://registry.npmjs.org/webidl-conversions/-/webidl-conversions-7.0.0.tgz. Extracting by manifest.
148 silly tarball no local data for tr46@https://registry.npmjs.org/tr46/-/tr46-5.1.1.tgz. Extracting by manifest.
149 silly tarball no local data for memory-pager@https://registry.npmjs.org/memory-pager/-/memory-pager-1.5.0.tgz. Extracting by manifest.
150 silly tarball no local data for @types/webidl-conversions@https://registry.npmjs.org/@types/webidl-conversions/-/webidl-conversions-7.0.3.tgz. Extracting by manifest.
151 silly tarball no local data for whatwg-url@https://registry.npmjs.org/whatwg-url/-/whatwg-url-14.2.0.tgz. Extracting by manifest.
152 silly tarball no local data for @types/whatwg-url@https://registry.npmjs.org/@types/whatwg-url/-/whatwg-url-13.0.0.tgz. Extracting by manifest.
153 silly tarball no local data for sparse-bitfield@https://registry.npmjs.org/sparse-bitfield/-/sparse-bitfield-3.0.3.tgz. Extracting by manifest.
154 silly tarball no local data for mongodb-connection-string-url@https://registry.npmjs.org/mongodb-connection-string-url/-/mongodb-connection-string-url-7.0.0.tgz. Extracting by manifest.
155 silly tarball no local data for bson@https://registry.npmjs.org/bson/-/bson-7.0.0.tgz. Extracting by manifest.
156 silly tarball no local data for @mongodb-js/saslprep@https://registry.npmjs.org/@mongodb-js/saslprep/-/saslprep-1.4.4.tgz. Extracting by manifest.
157 silly tarball no local data for sift@https://registry.npmjs.org/sift/-/sift-17.1.3.tgz. Extracting by manifest.
158 silly tarball no local data for mquery@https://registry.npmjs.org/mquery/-/mquery-6.0.0.tgz. Extracting by manifest.
159 silly tarball no local data for mpath@https://registry.npmjs.org/mpath/-/mpath-0.9.0.tgz. Extracting by manifest.
160 silly tarball no local data for mongodb@https://registry.npmjs.org/mongodb/-/mongodb-7.0.0.tgz. Extracting by manifest.
161 silly tarball no local data for mongoose@https://registry.npmjs.org/mongoose/-/mongoose-9.1.2.tgz. Extracting by manifest.
162 silly tarball no local data for kareem@https://registry.npmjs.org/kareem/-/kareem-3.0.0.tgz. Extracting by manifest.
163 http fetch POST 200 https://registry.npmjs.org/-/npm/v1/security/advisories/bulk 654ms
164 silly audit report {}
165 http fetch GET 200 https://registry.npmjs.org/memory-pager/-/memory-pager-1.5.0.tgz 707ms (cache miss)
166 http fetch GET 200 https://registry.npmjs.org/punycode/-/punycode-2.3.1.tgz 759ms (cache miss)
167 http fetch GET 200 https://registry.npmjs.org/webidl-conversions/-/webidl-conversions-7.0.0.tgz 755ms (cache miss)
168 http fetch GET 200 https://registry.npmjs.org/tr46/-/tr46-5.1.1.tgz 795ms (cache miss)
169 http fetch GET 200 https://registry.npmjs.org/@types/webidl-conversions/-/webidl-conversions-7.0.3.tgz 2864ms (cache miss)
170 http fetch GET 200 https://registry.npmjs.org/kareem/-/kareem-3.0.0.tgz 3104ms (cache miss)
171 http fetch GET 200 https://registry.npmjs.org/sparse-bitfield/-/sparse-bitfield-3.0.3.tgz 3404ms (cache miss)
172 http fetch GET 200 https://registry.npmjs.org/mongodb-connection-string-url/-/mongodb-connection-string-url-7.0.0.tgz 3485ms (cache miss)
173 http fetch GET 200 https://registry.npmjs.org/mpath/-/mpath-0.9.0.tgz 3456ms (cache miss)
174 http fetch GET 200 https://registry.npmjs.org/@types/whatwg-url/-/whatwg-url-13.0.0.tgz 3534ms (cache miss)
175 http fetch GET 200 https://registry.npmjs.org/whatwg-url/-/whatwg-url-14.2.0.tgz 3572ms (cache miss)
176 http fetch GET 200 https://registry.npmjs.org/sift/-/sift-17.1.3.tgz 3891ms (cache miss)
177 http fetch GET 200 https://registry.npmjs.org/mquery/-/mquery-6.0.0.tgz 4064ms (cache miss)
178 http fetch GET 200 https://registry.npmjs.org/@mongodb-js/saslprep/-/saslprep-1.4.4.tgz 4182ms (cache miss)
179 http fetch GET 200 https://registry.npmjs.org/bson/-/bson-7.0.0.tgz 4643ms (cache miss)
180 http fetch GET 200 https://registry.npmjs.org/mongoose/-/mongoose-9.1.2.tgz 5819ms (cache miss)
181 http fetch GET 200 https://registry.npmjs.org/mongodb/-/mongodb-7.0.0.tgz 5876ms (cache miss)
182 silly ADD node_modules/punycode
183 silly ADD node_modules/webidl-conversions
184 silly ADD node_modules/tr46
185 silly ADD node_modules/memory-pager
186 silly ADD node_modules/@types/webidl-conversions
187 silly ADD node_modules/whatwg-url
188 silly ADD node_modules/@types/whatwg-url
189 silly ADD node_modules/sparse-bitfield
190 silly ADD node_modules/mongodb-connection-string-url
191 silly ADD node_modules/bson
192 silly ADD node_modules/@mongodb-js/saslprep
193 silly ADD node_modules/sift
194 silly ADD node_modules/mquery
195 silly ADD node_modules/mpath
196 silly ADD node_modules/mongodb
197 silly ADD node_modules/kareem
198 silly ADD node_modules/mongoose
199 verbose cwd /data/data/com.termux/files/home/BinaryProject
200 verbose os Linux 5.4.276-android12-9-660526-g88e0fbe0287a-ab753
201 verbose node v25.2.1
202 verbose npm  v11.6.2
203 verbose exit 0
204 info ok
